../Drivers/CMSIS/Include/core_cm7.h:2229:22:SCB_EnableICache	4	static,ignoring_inline_asm
../Drivers/CMSIS/Include/core_cm7.h:2281:22:SCB_EnableDCache	24	static,ignoring_inline_asm
../Core/Src/main.c:108:6:vLoggingPrintf	16	static
../Core/Src/main.c:144:5:main	8	static
../Core/Src/main.c:232:13:prvMiscInitialization	8	static
../Core/Src/main.c:263:13:prvInitializeHeap	24	static
../Core/Src/main.c:284:13:MX_RNG_Init	4	static
../Core/Src/main.c:308:13:MPU_Config	24	static
../Core/Src/main.c:356:6:SystemClock_Config	88	static
../Core/Src/main.c:414:13:MX_USART3_UART_Init	8	static
../Core/Src/main.c:449:13:MX_USB_OTG_FS_PCD_Init	8	static
../Core/Src/main.c:484:13:MX_GPIO_Init	56	static
../Core/Src/main.c:541:6:StartDefaultTask	16	static
../Core/Src/main.c:556:6:Error_Handler	4	static,ignoring_inline_asm
../Core/Src/main.c:567:10:ullGetUnixTime	40	static
