../Drivers/CMSIS/Include/core_cm7.h:2229:22:SCB_EnableICache	4	static,ignoring_inline_asm
../Drivers/CMSIS/Include/core_cm7.h:2281:22:SCB_EnableDCache	24	static,ignoring_inline_asm
../Core/Src/main.c:105:6:vLoggingPrintf	16	static
../Core/Src/main.c:141:5:main	8	static
../Core/Src/main.c:159:5:uxRand	16	static
../Core/Src/main.c:174:6:vApplicationDaemonTaskStartupHook	8	static
../Core/Src/main.c:188:6:vApplicationGetTimerTaskMemory	24	static
../Core/Src/main.c:216:13:prvMiscInitialization	8	static
../Core/Src/main.c:250:13:prvInitializeHeap	24	static
../Core/Src/main.c:271:13:MX_RNG_Init	4	static
../Core/Src/main.c:295:13:MPU_Config	24	static
../Core/Src/main.c:343:6:SystemClock_Config	88	static
../Core/Src/main.c:401:13:MX_USART3_UART_Init	8	static
../Core/Src/main.c:436:13:MX_USB_OTG_FS_PCD_Init	8	static
../Core/Src/main.c:471:13:MX_GPIO_Init	56	static
../Core/Src/main.c:534:6:Error_Handler	4	static,ignoring_inline_asm
../Core/Src/main.c:545:10:ullGetUnixTime	40	static
