../Drivers/CMSIS/Include/core_cm7.h:2464:22:SCB_InvalidateDCache_by_Addr	32	static,ignoring_inline_asm
../LWIP/Target/ethernetif.c:151:6:HAL_ETH_RxCpltCallback	16	static
../LWIP/Target/ethernetif.c:160:6:HAL_ETH_TxCpltCallback	16	static
../LWIP/Target/ethernetif.c:169:6:HAL_ETH_ErrorCallback	16	static
../LWIP/Target/ethernetif.c:191:13:low_level_init	64	static
../LWIP/Target/ethernetif.c:303:14:low_level_output	80	static
../LWIP/Target/ethernetif.c:358:22:low_level_input	24	static
../LWIP/Target/ethernetif.c:379:6:ethernetif_input	24	static
../LWIP/Target/ethernetif.c:436:7:ethernetif_init	16	static
../LWIP/Target/ethernetif.c:487:6:pbuf_free_custom	24	static
../LWIP/Target/ethernetif.c:510:7:sys_now	8	static
../LWIP/Target/ethernetif.c:526:6:ethernet_link_thread	16	static
../LWIP/Target/ethernetif.c:544:6:HAL_ETH_RxAllocateCallback	32	static
../LWIP/Target/ethernetif.c:566:6:HAL_ETH_RxLinkCallback	40	static
../LWIP/Target/ethernetif.c:606:6:HAL_ETH_TxFreeCallback	16	static
